2026-09-17T15:21:32Z INF Thank you for trying Cloudflare Tunnel. Doing so, without a Cloudflare account, is a quick way to experiment and try it out. However, be aware that these account-less Tunnels have no uptime guarantee, are subject to the Cloudflare Online Services Terms of Use (https://www.cloudflare.com/website-terms/), and Cloudflare reserves the right to investigate your use of Tunnels for violations of such terms. If you intend to use Tunnels in production you should use a pre-created named tunnel by following: https://developers.cloudflare.com/cloudflare-one/connections/connect-apps
2026-09-17T15:21:32Z INF Requesting new quick Tunnel on trycloudflare.com...
2026-09-17T15:21:35Z INF +--------------------------------------------------------------------------------------------+
2026-09-17T15:21:35Z INF |  Your quick Tunnel has been created! Visit it at (it may take some time to be reachable):  |
2026-09-17T15:21:35Z INF |  https://nationally-kid-fountain-light.trycloudflare.com                                   |
2026-09-17T15:21:35Z INF +--------------------------------------------------------------------------------------------+
2026-09-17T15:21:35Z INF Cannot determine default configuration path. No file [config.yml config.yaml] in [~/.cloudflared ~/.cloudflare-warp ~/cloudflare-warp /etc/cloudflared /usr/local/etc/cloudflared]
2026-09-17T15:21:35Z INF Version 2026.9.0 (Checksum 53b7a7a5420d188758d24341294acb0d1bca54296548ac05e38811a694ac6134)
2026-09-17T15:21:35Z INF GOOS: linux, GOVersion: go1.26.8, GoArch: amd64
2026-09-17T15:21:35Z INF Settings: map[ha-connections:1 no-autoupdate:true protocol:quic url:http://127.0.0.1:8791]
2026-09-17T15:21:35Z INF cloudflared will not automatically update if installed by a package manager.
2026-09-17T15:21:35Z INF Generated Connector ID: 73aca941-6443-4e88-8510-0b7abe8e826b
2026-09-17T15:21:35Z INF Initial protocol quic
2026-09-17T15:21:35Z INF ICMP proxy will use 51.222.81.2 as source for IPv4
2026-09-17T15:21:35Z INF ICMP proxy will use 2607:5300:205:200::3a24 in zone ens3 as source for IPv6
2026-09-17T15:21:35Z WRN The user running cloudflared process has a GID (group ID) that is not within ping_group_range. You might need to add that user to a group within that range, or instead update the range to encompass a group the user is already in by modifying /proc/sys/net/ipv4/ping_group_range. Otherwise cloudflared will not be able to ping this network error="Group ID 1000 is not between ping group 1 to 0"
2026-09-17T15:21:35Z WRN ICMP proxy feature is disabled error="cannot create ICMPv4 proxy: Group ID 1000 is not between ping group 1 to 0 nor ICMPv6 proxy: socket: permission denied"
2026/09/17 15:21:35 failed to sufficiently increase receive buffer size (was: 208 kiB, wanted: 7168 kiB, got: 416 kiB). See https://github.com/quic-go/quic-go/wiki/UDP-Buffer-Sizes for details.
2026-09-17T15:21:35Z INF ICMP proxy will use 51.222.81.2 as source for IPv4
2026-09-17T15:21:35Z INF ICMP proxy will use 2607:5300:205:200::3a24 in zone ens3 as source for IPv6
2026-09-17T15:21:35Z INF Starting metrics server on 127.0.0.1:20241/metrics
2026-09-17T15:21:35Z INF Tunnel connection curve preferences: [X25519MLKEM768 CurveID(65074) CurveP256] connIndex=0 event=0 ip=2606:4700:a8::10
2026-09-17T15:21:36Z INF +-------------------------------------------------------------------------------------+
2026-09-17T15:21:36Z INF |                               CONNECTIVITY PRE-CHECKS                               |
2026-09-17T15:21:36Z INF +-------------------------------------------------------------------------------------+
2026-09-17T15:21:36Z INF |  COMPONENT         TARGET                     STATUS  DETAILS                       |
2026-09-17T15:21:36Z INF |  DNS Resolution    region1.v2.argotunnel.com  PASS    DNS Resolved successfully     |
2026-09-17T15:21:36Z INF |  DNS Resolution    region2.v2.argotunnel.com  PASS    DNS Resolved successfully     |
2026-09-17T15:21:36Z INF |  UDP Connectivity  region1.v2.argotunnel.com  PASS    QUIC connection successful    |
2026-09-17T15:21:36Z INF |  UDP Connectivity  region2.v2.argotunnel.com  PASS    QUIC connection successful    |
2026-09-17T15:21:36Z INF |  TCP Connectivity  region1.v2.argotunnel.com  PASS    HTTP/2 connection successful  |
2026-09-17T15:21:36Z INF |  TCP Connectivity  region2.v2.argotunnel.com  PASS    HTTP/2 connection successful  |
2026-09-17T15:21:36Z INF |  Cloudflare API    api.cloudflare.com:443     PASS    API is reachable              |
2026-09-17T15:21:36Z INF |                                                                                     |
2026-09-17T15:21:36Z INF |  SUMMARY: Environment is healthy. cloudflared will use 'quic' as primary protocol.  |
2026-09-17T15:21:36Z INF +-------------------------------------------------------------------------------------+
2026-09-17T15:21:36Z INF precheck component="DNS Resolution" details="DNS Resolved successfully" run_id=b1083f12-af66-48f7-a290-9c055ec39f2e status=pass target=region1.v2.argotunnel.com
2026-09-17T15:21:36Z INF precheck component="DNS Resolution" details="DNS Resolved successfully" run_id=b1083f12-af66-48f7-a290-9c055ec39f2e status=pass target=region2.v2.argotunnel.com
2026-09-17T15:21:36Z INF precheck component="UDP Connectivity" details="QUIC connection successful" run_id=b1083f12-af66-48f7-a290-9c055ec39f2e status=pass target=region1.v2.argotunnel.com
2026-09-17T15:21:36Z INF precheck component="UDP Connectivity" details="QUIC connection successful" run_id=b1083f12-af66-48f7-a290-9c055ec39f2e status=pass target=region2.v2.argotunnel.com
2026-09-17T15:21:36Z INF precheck component="TCP Connectivity" details="HTTP/2 connection successful" run_id=b1083f12-af66-48f7-a290-9c055ec39f2e status=pass target=region1.v2.argotunnel.com
2026-09-17T15:21:36Z INF precheck component="TCP Connectivity" details="HTTP/2 connection successful" run_id=b1083f12-af66-48f7-a290-9c055ec39f2e status=pass target=region2.v2.argotunnel.com
2026-09-17T15:21:36Z INF precheck component="Cloudflare API" details="API is reachable" run_id=b1083f12-af66-48f7-a290-9c055ec39f2e status=pass target=api.cloudflare.com:443
2026-09-17T15:21:36Z INF precheck complete hard_fail=false run_id=b1083f12-af66-48f7-a290-9c055ec39f2e suggested_protocol=quic
2026-09-17T15:21:36Z INF Registered tunnel connection connIndex=0 connection=cc9e4069-873a-4267-b9f6-362411fe1a40 event=0 ip=2606:4700:a8::10 location=yyz06 protocol=quic
